2025-05-09 13:25:27,406 - momentum_bot - INFO - Loaded extension cogs.sekret
2025-05-09 13:25:27,408 - momentum_bot - ERROR - Failed to load extension cogs.gmlistener: Extension 'cogs.gmlistener' raised an error: ModuleNotFoundError: No module named 'pymongo'
2025-05-09 13:25:27,409 - momentum_bot - ERROR - Failed to load extension cogs.gm: Extension 'cogs.gm' raised an error: ModuleNotFoundError: No module named 'discord.commands'
2025-05-09 13:25:27,427 - momentum_bot - INFO - Loaded extension cogs.dailyreminder
2025-05-09 13:25:27,428 - momentum_bot - ERROR - Failed to load extension cogs.qacog: Extension 'cogs.qacog' raised an error: ModuleNotFoundError: No module named 'discord.commands'
2025-05-09 13:25:27,429 - momentum_bot - INFO - Loaded extension cogs.auto_assign_role
2025-05-09 13:25:27,431 - momentum_bot - ERROR - Failed to load extension cogs.queue_cog: Extension 'cogs.queue_cog' raised an error: ModuleNotFoundError: No module named 'discord.commands'
2025-05-09 13:25:27,432 - momentum_bot - ERROR - Failed to load extension cogs.prefixdone: Extension 'cogs.prefixdone' raised an error: ModuleNotFoundError: No module named 'pymongo'
2025-05-09 13:25:27,433 - momentum_bot - ERROR - Failed to load extension cogs.leaderboard: Extension 'cogs.leaderboard' raised an error: ModuleNotFoundError: No module named 'pymongo'
2025-05-09 13:25:27,433 - momentum_bot - ERROR - Failed to load extension cogs.done: Extension 'cogs.done' raised an error: ModuleNotFoundError: No module named 'pymongo'
2025-05-09 13:25:27,434 - discord.client - INFO - logging in using static token
2025-05-09 13:25:28,648 - discord.gateway - INFO - Shard ID None has connected to Gateway (Session ID: 665d2b7b5ac02bf61cf3ccf1cc59cd3b).
2025-05-09 13:25:30,923 - momentum_bot.daily_reminder - INFO - Daily reminder schedule started
2025-05-09 13:25:30,923 - momentum_bot - INFO - Logged in as MomentumTest#1252 (ID: 1226090087931187313)
2025-05-09 13:25:30,923 - momentum_bot - INFO - Connected to 2 servers
2025-05-09 13:25:31,320 - momentum_bot - INFO - Synced 1 command(s)
2025-05-09 13:26:52,311 - momentum_bot - INFO - Loaded extension cogs.sekret
2025-05-09 13:26:55,516 - momentum_bot - ERROR - Failed to load extension cogs.gmlistener: Extension 'cogs.gmlistener' raised an error: ModuleNotFoundError: No module named 'linkdb'
2025-05-09 13:26:55,517 - momentum_bot - ERROR - Failed to load extension cogs.gm: Extension 'cogs.gm' raised an error: ModuleNotFoundError: No module named 'linkdb'
2025-05-09 13:26:55,533 - momentum_bot - INFO - Loaded extension cogs.dailyreminder
2025-05-09 13:26:55,535 - momentum_bot - INFO - Loaded extension cogs.qacog
2025-05-09 13:26:55,535 - momentum_bot - INFO - Loaded extension cogs.auto_assign_role
2025-05-09 13:26:55,537 - momentum_bot - INFO - Loaded extension cogs.queue_cog
2025-05-09 13:26:55,537 - momentum_bot - ERROR - Failed to load extension cogs.prefixdone: Extension 'cogs.prefixdone' raised an error: ModuleNotFoundError: No module named 'linkdb'
2025-05-09 13:26:55,538 - momentum_bot - ERROR - Failed to load extension cogs.leaderboard: Extension 'cogs.leaderboard' raised an error: ModuleNotFoundError: No module named 'emoji'
2025-05-09 13:26:55,540 - momentum_bot - ERROR - Failed to load extension cogs.done: Extension 'cogs.done' raised an error: ModuleNotFoundError: No module named 'linkdb'
2025-05-09 13:26:55,540 - discord.client - INFO - logging in using static token
2025-05-09 13:27:13,425 - discord.gateway - INFO - Shard ID None has connected to Gateway (Session ID: 0e0974528ca632d6b12f29bcff76cd45).
2025-05-09 13:27:15,428 - momentum_bot.daily_reminder - INFO - Daily reminder schedule started
2025-05-09 13:27:15,429 - momentum_bot - INFO - Logged in as MomentumTest#1252 (ID: 1226090087931187313)
2025-05-09 13:27:15,429 - momentum_bot - INFO - Connected to 2 servers
2025-05-09 13:27:15,896 - momentum_bot - INFO - Synced 5 command(s)
2025-05-09 13:28:16,812 - momentum_bot - INFO - Loaded extension cogs.sekret
2025-05-09 13:28:16,881 - momentum_bot - INFO - Loaded extension cogs.gmlistener
2025-05-09 13:28:16,883 - momentum_bot - INFO - Loaded extension cogs.gm
2025-05-09 13:28:16,884 - momentum_bot - INFO - Loaded extension cogs.dailyreminder
2025-05-09 13:28:16,884 - momentum_bot - INFO - Loaded extension cogs.qacog
2025-05-09 13:28:16,885 - momentum_bot - INFO - Loaded extension cogs.auto_assign_role
2025-05-09 13:28:16,885 - momentum_bot - INFO - Loaded extension cogs.queue_cog
2025-05-09 13:28:16,886 - momentum_bot - INFO - Loaded extension cogs.prefixdone
2025-05-09 13:28:16,888 - momentum_bot - INFO - Loaded extension cogs.leaderboard
2025-05-09 13:28:16,892 - momentum_bot - INFO - Loaded extension cogs.done
2025-05-09 13:28:16,892 - discord.client - INFO - logging in using static token
2025-05-09 13:28:17,943 - discord.gateway - INFO - Shard ID None has connected to Gateway (Session ID: 317190c54d358457a4c708efb9ede9d0).
2025-05-09 13:28:19,969 - momentum_bot.daily_reminder - INFO - Daily reminder schedule started
2025-05-09 13:28:19,970 - momentum_bot - INFO - Logged in as MomentumTest#1252 (ID: 1226090087931187313)
2025-05-09 13:28:19,970 - momentum_bot - INFO - Connected to 2 servers
2025-05-09 13:28:20,345 - momentum_bot - INFO - Synced 8 command(s)
2025-05-09 13:30:24,347 - momentum_bot - INFO - Bot shutdown by user
2025-05-09 13:56:16,627 - momentum_bot - INFO - Loaded extension cogs.sekret
2025-05-09 13:56:16,828 - momentum_bot - ERROR - Failed to load extension cogs.gmlistener: Extension 'cogs.gmlistener' raised an error: ModuleNotFoundError: No module named 'pytz'
2025-05-09 13:56:16,829 - momentum_bot - ERROR - Failed to load extension cogs.gm: Extension 'cogs.gm' raised an error: SyntaxError: invalid syntax (gm.py, line 3)
2025-05-09 13:56:16,830 - momentum_bot - ERROR - Failed to load extension cogs.dailyreminder: Extension 'cogs.dailyreminder' raised an error: ModuleNotFoundError: No module named 'pytz'
2025-05-09 13:56:16,830 - momentum_bot - ERROR - Failed to load extension cogs.qacog: Extension 'cogs.qacog' raised an error: SyntaxError: invalid syntax (qacog.py, line 3)
2025-05-09 13:56:16,831 - momentum_bot - INFO - Loaded extension cogs.auto_assign_role
2025-05-09 13:56:16,831 - momentum_bot - ERROR - Failed to load extension cogs.queue_cog: Extension 'cogs.queue_cog' raised an error: SyntaxError: invalid syntax (queue_cog.py, line 3)
2025-05-09 13:56:16,832 - momentum_bot - INFO - Loaded extension cogs.prefixdone
2025-05-09 13:56:16,833 - momentum_bot - ERROR - Failed to load extension cogs.leaderboard: Extension 'cogs.leaderboard' raised an error: SyntaxError: invalid syntax (leaderboard.py, line 4)
2025-05-09 13:56:16,833 - momentum_bot - ERROR - Failed to load extension cogs.done: Extension 'cogs.done' raised an error: SyntaxError: invalid syntax (done.py, line 4)
2025-05-09 13:56:16,833 - discord.client - INFO - logging in using static token
2025-05-09 13:56:17,049 - momentum_bot - CRITICAL - Fatal error: Improper token has been passed.
2025-05-09 13:56:17,079 - asyncio - ERROR - Unclosed connector
connections: ['[(<aiohttp.client_proto.ResponseHandler object at 0x7fe9bda5bb80>, 9638040.728393529)]']
connector: <aiohttp.connector.TCPConnector object at 0x7fe9bdab9720>
2025-05-09 13:57:09,122 - momentum_bot - INFO - Loaded extension cogs.sekret
2025-05-09 13:57:09,268 - momentum_bot - ERROR - Failed to load extension cogs.gmlistener: Extension 'cogs.gmlistener' raised an error: ModuleNotFoundError: No module named 'pytz'
2025-05-09 13:57:09,268 - momentum_bot - ERROR - Failed to load extension cogs.gm: Extension 'cogs.gm' raised an error: SyntaxError: invalid syntax (gm.py, line 3)
2025-05-09 13:57:09,269 - momentum_bot - ERROR - Failed to load extension cogs.dailyreminder: Extension 'cogs.dailyreminder' raised an error: ModuleNotFoundError: No module named 'pytz'
2025-05-09 13:57:09,320 - momentum_bot - ERROR - Failed to load extension cogs.qacog: Extension 'cogs.qacog' raised an error: SyntaxError: invalid syntax (qacog.py, line 3)
2025-05-09 13:57:09,321 - momentum_bot - INFO - Loaded extension cogs.auto_assign_role
2025-05-09 13:57:09,321 - momentum_bot - ERROR - Failed to load extension cogs.queue_cog: Extension 'cogs.queue_cog' raised an error: SyntaxError: invalid syntax (queue_cog.py, line 3)
2025-05-09 13:57:09,322 - momentum_bot - INFO - Loaded extension cogs.prefixdone
2025-05-09 13:57:09,322 - momentum_bot - ERROR - Failed to load extension cogs.leaderboard: Extension 'cogs.leaderboard' raised an error: SyntaxError: invalid syntax (leaderboard.py, line 4)
2025-05-09 13:57:09,322 - momentum_bot - ERROR - Failed to load extension cogs.done: Extension 'cogs.done' raised an error: SyntaxError: invalid syntax (done.py, line 4)
2025-05-09 13:57:09,323 - discord.client - INFO - logging in using static token
2025-05-09 13:57:09,515 - momentum_bot - CRITICAL - Fatal error: Improper token has been passed.
2025-05-09 13:57:09,540 - asyncio - ERROR - Unclosed connector
connections: ['[(<aiohttp.client_proto.ResponseHandler object at 0x7fa49fc4bb80>, 9638093.194440449)]']
connector: <aiohttp.connector.TCPConnector object at 0x7fa49f79d4b0>
2025-05-09 13:57:20,137 - momentum_bot - INFO - Loaded extension cogs.sekret
2025-05-09 13:57:20,353 - momentum_bot - ERROR - Failed to load extension cogs.gmlistener: Extension 'cogs.gmlistener' raised an error: ModuleNotFoundError: No module named 'pytz'
2025-05-09 13:57:20,353 - momentum_bot - ERROR - Failed to load extension cogs.gm: Extension 'cogs.gm' raised an error: SyntaxError: invalid syntax (gm.py, line 3)
2025-05-09 13:57:20,354 - momentum_bot - ERROR - Failed to load extension cogs.dailyreminder: Extension 'cogs.dailyreminder' raised an error: ModuleNotFoundError: No module named 'pytz'
2025-05-09 13:57:20,355 - momentum_bot - ERROR - Failed to load extension cogs.qacog: Extension 'cogs.qacog' raised an error: SyntaxError: invalid syntax (qacog.py, line 3)
2025-05-09 13:57:20,420 - momentum_bot - INFO - Loaded extension cogs.auto_assign_role
2025-05-09 13:57:20,421 - momentum_bot - ERROR - Failed to load extension cogs.queue_cog: Extension 'cogs.queue_cog' raised an error: SyntaxError: invalid syntax (queue_cog.py, line 3)
2025-05-09 13:57:20,422 - momentum_bot - INFO - Loaded extension cogs.prefixdone
2025-05-09 13:57:20,422 - momentum_bot - ERROR - Failed to load extension cogs.leaderboard: Extension 'cogs.leaderboard' raised an error: SyntaxError: invalid syntax (leaderboard.py, line 4)
2025-05-09 13:57:20,422 - momentum_bot - ERROR - Failed to load extension cogs.done: Extension 'cogs.done' raised an error: SyntaxError: invalid syntax (done.py, line 4)
2025-05-09 13:57:20,422 - discord.client - INFO - logging in using static token
2025-05-09 13:57:20,610 - momentum_bot - CRITICAL - Fatal error: Improper token has been passed.
2025-05-09 13:57:20,637 - asyncio - ERROR - Unclosed connector
connections: ['[(<aiohttp.client_proto.ResponseHandler object at 0x7fa0ba343b80>, 9638104.289960748)]']
connector: <aiohttp.connector.TCPConnector object at 0x7fa0b9e954e0>
2025-05-09 14:11:38,527 - momentum_bot - ERROR - Discord token validation failed: Token format is invalid. It should be in the format: XXXXXXXXXXXXXXXXXXXXXXXX.XXXXXX.XXXXXXXXXXXXXXXXXXXXXXXXXXXXXXXXXXX
2025-05-09 14:11:38,527 - momentum_bot - ERROR - Please update the token in private.py with a valid Discord bot token.
2025-05-09 14:12:17,596 - momentum_bot - ERROR - Discord token validation failed: Token format is invalid. It should be in the format: XXXXXXXXXXXXXXXXXXXXXXXX.XXXXXX.XXXXXXXXXXXXXXXXXXXXXXXXXXXXXXXXXXX
2025-05-09 14:12:17,597 - momentum_bot - ERROR - Please update the token in private.py with a valid Discord bot token.
2025-05-09 14:12:33,574 - discord.client - WARNING - PyNaCl is not installed, voice will NOT be supported
2025-05-09 14:12:33,576 - momentum_bot - ERROR - Failed to load extension cogs.sekret: Extension 'cogs.sekret' raised an error: ImportError: cannot import name 'AppCommandOptionType' from 'discord.enums' (/Users/ludwikc/git/Momentum/Momentum/.venv/lib/python3.13/site-packages/discord/enums.py)
2025-05-09 14:12:34,367 - momentum_bot - ERROR - Failed to load extension cogs.gmlistener: object list can't be used in 'await' expression
2025-05-09 14:12:34,369 - momentum_bot - ERROR - Failed to load extension cogs.gm: Extension 'cogs.gm' raised an error: ImportError: cannot import name 'AppCommandOptionType' from 'discord.enums' (/Users/ludwikc/git/Momentum/Momentum/.venv/lib/python3.13/site-packages/discord/enums.py)
2025-05-09 14:12:34,370 - momentum_bot - ERROR - Failed to load extension cogs.dailyreminder: object list can't be used in 'await' expression
2025-05-09 14:12:34,372 - momentum_bot - ERROR - Failed to load extension cogs.qacog: Extension 'cogs.qacog' raised an error: ImportError: cannot import name 'AppCommandOptionType' from 'discord.enums' (/Users/ludwikc/git/Momentum/Momentum/.venv/lib/python3.13/site-packages/discord/enums.py)
2025-05-09 14:12:34,373 - momentum_bot - ERROR - Failed to load extension cogs.auto_assign_role: object list can't be used in 'await' expression
2025-05-09 14:12:34,375 - momentum_bot - ERROR - Failed to load extension cogs.queue_cog: Extension 'cogs.queue_cog' raised an error: ImportError: cannot import name 'AppCommandOptionType' from 'discord.enums' (/Users/ludwikc/git/Momentum/Momentum/.venv/lib/python3.13/site-packages/discord/enums.py)
2025-05-09 14:12:34,376 - momentum_bot - ERROR - Failed to load extension cogs.prefixdone: object list can't be used in 'await' expression
2025-05-09 14:12:34,377 - momentum_bot - ERROR - Failed to load extension cogs.leaderboard: Extension 'cogs.leaderboard' raised an error: ImportError: cannot import name 'AppCommandOptionType' from 'discord.enums' (/Users/ludwikc/git/Momentum/Momentum/.venv/lib/python3.13/site-packages/discord/enums.py)
2025-05-09 14:12:34,379 - momentum_bot - ERROR - Failed to load extension cogs.done: Extension 'cogs.done' raised an error: ImportError: cannot import name 'AppCommandOptionType' from 'discord.enums' (/Users/ludwikc/git/Momentum/Momentum/.venv/lib/python3.13/site-packages/discord/enums.py)
2025-05-09 14:12:34,379 - discord.client - INFO - logging in using static token
2025-05-09 14:12:34,689 - momentum_bot - CRITICAL - Fatal error: Improper token has been passed.
2025-05-09 14:12:34,897 - asyncio - ERROR - Unclosed client session
client_session: <aiohttp.client.ClientSession object at 0x1035d67b0>
2025-05-09 14:12:34,897 - asyncio - ERROR - Unclosed connector
connections: ['deque([(<aiohttp.client_proto.ResponseHandler object at 0x1036a6f90>, 170861.813341125)])']
connector: <aiohttp.connector.TCPConnector object at 0x1035d6ba0>
2025-05-09 14:13:28,372 - discord.client - WARNING - PyNaCl is not installed, voice will NOT be supported
2025-05-09 14:13:28,506 - momentum_bot - ERROR - Failed to load extension cogs.gmlistener: object list can't be used in 'await' expression
2025-05-09 14:13:28,507 - momentum_bot - ERROR - Failed to load extension cogs.dailyreminder: object list can't be used in 'await' expression
2025-05-09 14:13:28,508 - momentum_bot - ERROR - Failed to load extension cogs.auto_assign_role: object list can't be used in 'await' expression
2025-05-09 14:13:28,509 - momentum_bot - ERROR - Failed to load extension cogs.prefixdone: object list can't be used in 'await' expression
2025-05-09 14:13:28,509 - discord.client - INFO - logging in using static token
2025-05-09 14:13:28,786 - momentum_bot - CRITICAL - Fatal error: Improper token has been passed.
2025-05-09 14:13:29,285 - asyncio - ERROR - Unclosed client session
client_session: <aiohttp.client.ClientSession object at 0x105c62660>
2025-05-09 14:13:29,285 - asyncio - ERROR - Unclosed connector
connections: ['deque([(<aiohttp.client_proto.ResponseHandler object at 0x105cf9550>, 170915.906243416)])']
connector: <aiohttp.connector.TCPConnector object at 0x105c627b0>
2025-05-09 14:14:06,949 - discord.client - WARNING - PyNaCl is not installed, voice will NOT be supported
2025-05-09 14:14:07,212 - momentum_bot - ERROR - Failed to load extension cogs.gmlistener: object list can't be used in 'await' expression
2025-05-09 14:14:07,214 - momentum_bot - ERROR - Failed to load extension cogs.dailyreminder: object list can't be used in 'await' expression
2025-05-09 14:14:07,216 - momentum_bot - ERROR - Failed to load extension cogs.auto_assign_role: object list can't be used in 'await' expression
2025-05-09 14:14:07,218 - momentum_bot - ERROR - Failed to load extension cogs.prefixdone: object list can't be used in 'await' expression
2025-05-09 14:14:07,218 - discord.client - INFO - logging in using static token
2025-05-09 14:14:07,526 - momentum_bot - CRITICAL - Fatal error: Improper token has been passed.
2025-05-09 14:14:08,011 - asyncio - ERROR - Unclosed client session
client_session: <aiohttp.client.ClientSession object at 0x130e2a660>
2025-05-09 14:14:08,012 - asyncio - ERROR - Unclosed connector
connections: ['deque([(<aiohttp.client_proto.ResponseHandler object at 0x130ee12b0>, 170954.645554541)])']
connector: <aiohttp.connector.TCPConnector object at 0x130e2a900>
2025-05-09 14:14:26,913 - discord.client - WARNING - PyNaCl is not installed, voice will NOT be supported
2025-05-09 14:14:26,914 - discord.client - INFO - logging in using static token
2025-05-09 14:14:27,197 - momentum_bot - CRITICAL - Fatal error: Improper token has been passed.
2025-05-09 14:14:27,209 - asyncio - ERROR - Unclosed client session
client_session: <aiohttp.client.ClientSession object at 0x105924980>
2025-05-09 14:14:27,209 - asyncio - ERROR - Unclosed connector
connections: ['deque([(<aiohttp.client_proto.ResponseHandler object at 0x105901a30>, 170974.316373166)])']
connector: <aiohttp.connector.TCPConnector object at 0x105924ad0>
2025-05-09 14:22:50,576 - discord.client - WARNING - PyNaCl is not installed, voice will NOT be supported
2025-05-09 14:22:50,841 - momentum_bot - ERROR - Failed to load extension cogs.gmlistener: object list can't be used in 'await' expression
2025-05-09 14:22:50,844 - momentum_bot - ERROR - Failed to load extension cogs.gm: Extension 'cogs.gm' raised an error: ImportError: cannot import name 'AppCommandOptionType' from 'discord.enums' (/Users/ludwikc/git/Momentum/Momentum/.venv/lib/python3.13/site-packages/discord/enums.py)
2025-05-09 14:22:50,845 - momentum_bot - ERROR - Failed to load extension cogs.dailyreminder: object list can't be used in 'await' expression
2025-05-09 14:22:50,847 - momentum_bot - ERROR - Failed to load extension cogs.auto_assign_role: object list can't be used in 'await' expression
2025-05-09 14:22:50,848 - momentum_bot - ERROR - Failed to load extension cogs.prefixdone: object list can't be used in 'await' expression
2025-05-09 14:22:50,848 - discord.client - INFO - logging in using static token
2025-05-09 14:22:51,267 - momentum_bot - CRITICAL - Fatal error: Improper token has been passed.
2025-05-09 14:22:51,792 - asyncio - ERROR - Unclosed client session
client_session: <aiohttp.client.ClientSession object at 0x106ed27b0>
2025-05-09 14:22:51,793 - asyncio - ERROR - Unclosed connector
connections: ['deque([(<aiohttp.client_proto.ResponseHandler object at 0x106f66150>, 171478.380170833)])']
connector: <aiohttp.connector.TCPConnector object at 0x106ed2660>
2025-05-09 14:23:22,472 - discord.client - WARNING - PyNaCl is not installed, voice will NOT be supported
2025-05-09 14:23:22,474 - momentum_bot - ERROR - Failed to load extension cogs.test_cog: object list can't be used in 'await' expression
2025-05-09 14:23:22,474 - discord.client - INFO - logging in using static token
2025-05-09 14:23:22,781 - momentum_bot - CRITICAL - Fatal error: Improper token has been passed.
2025-05-09 14:23:22,796 - asyncio - ERROR - Unclosed client session
client_session: <aiohttp.client.ClientSession object at 0x103ff8980>
2025-05-09 14:23:22,796 - asyncio - ERROR - Unclosed connector
connections: ['deque([(<aiohttp.client_proto.ResponseHandler object at 0x10410b590>, 171509.894091541)])']
connector: <aiohttp.connector.TCPConnector object at 0x103ff9010>
2025-05-09 14:23:36,788 - discord.client - WARNING - PyNaCl is not installed, voice will NOT be supported
2025-05-09 14:23:36,790 - momentum_bot - ERROR - Failed to load extension cogs.test_cog: object list can't be used in 'await' expression
2025-05-09 14:23:36,790 - discord.client - INFO - logging in using static token
2025-05-09 14:23:37,121 - momentum_bot - CRITICAL - Fatal error: Improper token has been passed.
2025-05-09 14:23:37,135 - asyncio - ERROR - Unclosed client session
client_session: <aiohttp.client.ClientSession object at 0x106bf8ad0>
2025-05-09 14:23:37,135 - asyncio - ERROR - Unclosed connector
connections: ['deque([(<aiohttp.client_proto.ResponseHandler object at 0x106bd5af0>, 171524.234546416)])']
connector: <aiohttp.connector.TCPConnector object at 0x106bf8c20>
2025-05-09 14:23:53,166 - discord.client - WARNING - PyNaCl is not installed, voice will NOT be supported
2025-05-09 14:23:53,167 - momentum_bot - INFO - Loaded extension cogs.test_cog
2025-05-09 14:23:53,167 - discord.client - INFO - logging in using static token
2025-05-09 14:23:53,470 - momentum_bot - CRITICAL - Fatal error: Improper token has been passed.
2025-05-09 14:23:53,481 - asyncio - ERROR - Unclosed client session
client_session: <aiohttp.client.ClientSession object at 0x1054f8ad0>
2025-05-09 14:23:53,481 - asyncio - ERROR - Unclosed connector
connections: ['deque([(<aiohttp.client_proto.ResponseHandler object at 0x1054d59d0>, 171540.582528458)])']
connector: <aiohttp.connector.TCPConnector object at 0x1054f8c20>
2025-05-09 14:26:32,494 - discord.client - WARNING - PyNaCl is not installed, voice will NOT be supported
2025-05-09 14:26:32,495 - momentum_bot - INFO - Loaded extension cogs.test_cog
2025-05-09 14:26:32,859 - momentum_bot - INFO - Loaded extension cogs.gmlistener
2025-05-09 14:26:32,862 - momentum_bot - ERROR - Failed to load extension cogs.gm: cannot import name 'AppCommandOptionType' from 'discord.enums' (/Users/ludwikc/git/Momentum/Momentum/.venv/lib/python3.13/site-packages/discord/enums.py)
2025-05-09 14:26:32,863 - momentum_bot - INFO - Loaded extension cogs.dailyreminder
2025-05-09 14:26:32,865 - momentum_bot - INFO - Loaded extension cogs.auto_assign_role
2025-05-09 14:26:32,866 - momentum_bot - INFO - Loaded extension cogs.prefixdone
2025-05-09 14:26:32,866 - discord.client - INFO - logging in using static token
2025-05-09 14:26:33,176 - momentum_bot - CRITICAL - Fatal error: Improper token has been passed.
2025-05-09 14:26:33,723 - asyncio - ERROR - Unclosed client session
client_session: <aiohttp.client.ClientSession object at 0x1051be7b0>
2025-05-09 14:26:33,723 - asyncio - ERROR - Unclosed connector
connections: ['deque([(<aiohttp.client_proto.ResponseHandler object at 0x105271010>, 171700.287107916)])']
connector: <aiohttp.connector.TCPConnector object at 0x1051bea50>
2025-05-09 14:27:00,745 - discord.client - WARNING - PyNaCl is not installed, voice will NOT be supported
2025-05-09 14:27:00,746 - momentum_bot - INFO - Loaded extension cogs.test_cog
2025-05-09 14:27:00,956 - momentum_bot - INFO - Loaded extension cogs.gmlistener
2025-05-09 14:27:01,018 - momentum_bot - INFO - Loaded extension cogs.gm
2025-05-09 14:27:01,020 - momentum_bot - INFO - Loaded extension cogs.dailyreminder
2025-05-09 14:27:01,021 - momentum_bot - INFO - Loaded extension cogs.auto_assign_role
2025-05-09 14:27:01,022 - momentum_bot - INFO - Loaded extension cogs.prefixdone
2025-05-09 14:27:01,022 - discord.client - INFO - logging in using static token
2025-05-09 14:27:01,370 - momentum_bot - CRITICAL - Fatal error: Improper token has been passed.
2025-05-09 14:27:01,822 - asyncio - ERROR - Unclosed client session
client_session: <aiohttp.client.ClientSession object at 0x1061eaba0>
2025-05-09 14:27:01,822 - asyncio - ERROR - Unclosed connector
connections: ['deque([(<aiohttp.client_proto.ResponseHandler object at 0x1062a2150>, 171728.479998875)])']
connector: <aiohttp.connector.TCPConnector object at 0x1061eacf0>
2025-05-09 14:54:13,758 - discord.client - WARNING - PyNaCl is not installed, voice will NOT be supported
2025-05-09 14:54:17,984 - discord.client - WARNING - PyNaCl is not installed, voice will NOT be supported
2025-05-09 14:54:17,985 - momentum_bot - INFO - Loaded extension cogs.test_cog
2025-05-09 14:54:18,244 - momentum_bot.gmlistener - INFO - Connected to MongoDB
2025-05-09 14:54:18,257 - momentum_bot - INFO - Loaded extension cogs.gmlistener
2025-05-09 14:54:18,421 - momentum_bot.gm - INFO - Connected to MongoDB
2025-05-09 14:54:18,421 - momentum_bot - INFO - Loaded extension cogs.gm
2025-05-09 14:54:18,423 - momentum_bot - INFO - Loaded extension cogs.dailyreminder
2025-05-09 14:54:18,425 - momentum_bot - INFO - Loaded extension cogs.auto_assign_role
2025-05-09 14:54:18,425 - momentum_bot - INFO - Loaded extension cogs.prefixdone
2025-05-09 14:54:18,426 - momentum_bot - INFO - Starting bot...
2025-05-09 14:54:18,426 - discord.client - INFO - logging in using static token
2025-05-09 14:54:18,667 - discord.client - INFO - Cleaning up tasks.
2025-05-09 14:54:18,667 - discord.client - INFO - Closing the event loop.
2025-05-09 14:54:18,667 - momentum_bot - CRITICAL - Fatal error: Improper token has been passed.
2025-05-12 10:41:24,495 - momentum_bot - INFO - Loaded extension cogs.test_cog
2025-05-12 10:41:25,039 - momentum_bot.gmlistener - INFO - Connected to MongoDB
2025-05-12 10:41:25,051 - momentum_bot - INFO - Loaded extension cogs.gmlistener
2025-05-12 10:41:25,236 - momentum_bot.gm - INFO - Connected to MongoDB
2025-05-12 10:41:25,236 - momentum_bot - INFO - Loaded extension cogs.gm
2025-05-12 10:41:25,238 - momentum_bot - INFO - Loaded extension cogs.dailyreminder
2025-05-12 10:41:25,238 - momentum_bot - INFO - Loaded extension cogs.auto_assign_role
2025-05-12 10:41:25,239 - momentum_bot - INFO - Loaded extension cogs.prefixdone
2025-05-12 10:41:25,239 - momentum_bot - INFO - Starting bot...
2025-05-12 10:41:25,239 - discord.client - INFO - logging in using static token
2025-05-12 10:41:25,865 - discord.gateway - INFO - Shard ID None has sent the IDENTIFY payload.
2025-05-12 10:41:26,064 - discord.gateway - INFO - Shard ID None has connected to Gateway: ["gateway-prd-us-east1-d-nhxq",{"micros":74276,"calls":["id_created",{"micros":488,"calls":[]},"session_lookup_time",{"micros":327,"calls":[]},"session_lookup_finished",{"micros":16,"calls":[]},"discord-sessions-prd-2-42",{"micros":71621,"calls":["start_session",{"micros":48409,"calls":["discord-api-rpc-78cf767f7b-s9585",{"micros":37050,"calls":["get_user",{"micros":7102},"get_guilds",{"micros":4272},"send_scheduled_deletion_message",{"micros":7},"guild_join_requests",{"micros":400},"authorized_ip_coro",{"micros":7},"pending_payments",{"micros":2658},"apex_user_experiments",{"micros":3},"user_activities",{"micros":2}]}]},"starting_guild_connect",{"micros":41,"calls":[]},"presence_started",{"micros":288,"calls":[]},"guilds_started",{"micros":87,"calls":[]},"lobbies_started",{"micros":1,"calls":[]},"guilds_connect",{"micros":1,"calls":[]},"presence_connect",{"micros":22773,"calls":[]},"connect_finished",{"micros":22777,"calls":[]},"build_ready",{"micros":15,"calls":[]},"clean_ready",{"micros":0,"calls":[]},"optimize_ready",{"micros":1,"calls":[]},"split_ready",{"micros":0,"calls":[]}]}]}] (Session ID: fe9c350f234e1a0f9cbd1476f1fbc2e8).
2025-05-12 10:41:28,171 - momentum_bot - INFO - Logged in as MomentumTest#1252 (ID: 1226090087931187313)
2025-05-12 10:41:28,171 - momentum_bot - INFO - Connected to 2 servers
2025-05-12 10:41:28,171 - momentum_bot.gmlistener - INFO - GMListener cog is ready
2025-05-12 10:41:28,171 - momentum_bot.gm - INFO - GM command cog is ready
2025-05-12 10:41:28,171 - momentum_bot.daily_reminder - INFO - Starting daily reminder schedule
2025-05-12 10:41:28,171 - momentum_bot.auto_assign_role - INFO - Starting invite tracking
2025-05-12 10:41:28,171 - momentum_bot.daily_reminder - INFO - Daily reminder schedule ready to start
2025-05-12 10:41:28,171 - momentum_bot.auto_assign_role - INFO - Invite tracking ready to start
2025-05-12 10:45:52,326 - momentum_bot - INFO - Loaded extension cogs.test_cog
2025-05-12 10:45:52,839 - momentum_bot.gmlistener - INFO - Connected to MongoDB
2025-05-12 10:45:52,850 - momentum_bot - INFO - Loaded extension cogs.gmlistener
2025-05-12 10:45:53,230 - momentum_bot.gm - INFO - Connected to MongoDB
2025-05-12 10:45:53,230 - momentum_bot - INFO - Loaded extension cogs.gm
2025-05-12 10:45:53,231 - momentum_bot - INFO - Loaded extension cogs.dailyreminder
2025-05-12 10:45:53,232 - momentum_bot - INFO - Loaded extension cogs.auto_assign_role
2025-05-12 10:45:53,232 - momentum_bot - INFO - Loaded extension cogs.prefixdone
2025-05-12 10:45:53,232 - momentum_bot - INFO - Starting bot...
2025-05-12 10:45:53,233 - discord.client - INFO - logging in using static token
2025-05-12 10:45:53,793 - discord.gateway - INFO - Shard ID None has sent the IDENTIFY payload.
2025-05-12 10:45:54,007 - discord.gateway - INFO - Shard ID None has connected to Gateway: ["gateway-prd-us-east1-c-4njm",{"micros":83585,"calls":["id_created",{"micros":387,"calls":[]},"session_lookup_time",{"micros":245,"calls":[]},"session_lookup_finished",{"micros":12,"calls":[]},"discord-sessions-prd-2-137",{"micros":81659,"calls":["start_session",{"micros":61486,"calls":["discord-api-rpc-78cf767f7b-vx869",{"micros":49028,"calls":["get_user",{"micros":6239},"get_guilds",{"micros":6137},"send_scheduled_deletion_message",{"micros":5},"guild_join_requests",{"micros":0},"authorized_ip_coro",{"micros":9},"pending_payments",{"micros":1265},"apex_user_experiments",{"micros":3},"user_activities",{"micros":1}]}]},"starting_guild_connect",{"micros":38,"calls":[]},"presence_started",{"micros":259,"calls":[]},"guilds_started",{"micros":75,"calls":[]},"lobbies_started",{"micros":0,"calls":[]},"guilds_connect",{"micros":1,"calls":[]},"presence_connect",{"micros":19783,"calls":[]},"connect_finished",{"micros":19787,"calls":[]},"build_ready",{"micros":12,"calls":[]},"clean_ready",{"micros":0,"calls":[]},"optimize_ready",{"micros":1,"calls":[]},"split_ready",{"micros":0,"calls":[]}]}]}] (Session ID: 65f9fa1a2abf40b4fc8716891d29ae4d).
2025-05-12 10:45:56,028 - momentum_bot - INFO - Logged in as MomentumTest#1252 (ID: 1226090087931187313)
2025-05-12 10:45:56,028 - momentum_bot - INFO - Connected to 2 servers
2025-05-12 10:45:56,028 - momentum_bot.gmlistener - INFO - GMListener cog is ready
2025-05-12 10:45:56,028 - momentum_bot.gm - INFO - GM command cog is ready
2025-05-12 10:45:56,028 - momentum_bot.daily_reminder - INFO - Starting daily reminder schedule
2025-05-12 10:45:56,028 - momentum_bot.auto_assign_role - INFO - Starting invite tracking
2025-05-12 10:45:56,028 - momentum_bot.daily_reminder - INFO - Daily reminder schedule ready to start
2025-05-12 10:45:56,029 - momentum_bot.auto_assign_role - INFO - Invite tracking ready to start
2025-05-12 10:51:22,132 - discord.client - INFO - Cleaning up tasks.
2025-05-12 10:51:22,132 - discord.client - INFO - Cleaning up after 3 tasks.
2025-05-12 10:51:22,132 - discord.client - INFO - All tasks finished cancelling.
2025-05-12 10:51:22,132 - discord.client - INFO - Closing the event loop.
2025-05-12 10:51:22,134 - discord.client - INFO - Cleaning up tasks.
2025-05-12 10:51:22,134 - discord.client - INFO - Cleaning up after 3 tasks.
2025-05-12 10:51:22,134 - discord.client - INFO - All tasks finished cancelling.
2025-05-12 10:51:22,134 - discord.client - INFO - Closing the event loop.
2025-05-12 10:51:23,148 - momentum_bot - INFO - Loaded extension cogs.test_cog
2025-05-12 10:51:23,151 - momentum_bot - ERROR - Failed to load extension cogs.sekret: Extension 'cogs.sekret' raised an error: ImportError: cannot import name 'app_commands' from 'discord' (/usr/local/lib/python3.10/dist-packages/discord/__init__.py)
2025-05-12 10:51:24,247 - momentum_bot.gmlistener - INFO - Connected to MongoDB
2025-05-12 10:51:24,327 - momentum_bot - INFO - Loaded extension cogs.gmlistener
2025-05-12 10:51:24,536 - momentum_bot.gm - INFO - Connected to MongoDB
2025-05-12 10:51:24,536 - momentum_bot - INFO - Loaded extension cogs.gm
2025-05-12 10:51:24,537 - momentum_bot - INFO - Loaded extension cogs.dailyreminder
2025-05-12 10:51:24,538 - momentum_bot - ERROR - Failed to load extension cogs.qacog: Extension 'cogs.qacog' raised an error: ImportError: cannot import name 'app_commands' from 'discord' (/usr/local/lib/python3.10/dist-packages/discord/__init__.py)
2025-05-12 10:51:24,539 - momentum_bot - INFO - Loaded extension cogs.auto_assign_role
2025-05-12 10:51:24,540 - momentum_bot - ERROR - Failed to load extension cogs.queue_cog: Extension 'cogs.queue_cog' raised an error: ImportError: cannot import name 'app_commands' from 'discord' (/usr/local/lib/python3.10/dist-packages/discord/__init__.py)
2025-05-12 10:51:24,541 - momentum_bot - INFO - Loaded extension cogs.prefixdone
2025-05-12 10:51:24,545 - momentum_bot - ERROR - Failed to load extension cogs.leaderboard: Extension 'cogs.leaderboard' raised an error: ImportError: cannot import name 'app_commands' from 'discord' (/usr/local/lib/python3.10/dist-packages/discord/__init__.py)
2025-05-12 10:51:24,622 - momentum_bot - ERROR - Failed to load extension cogs.done: Extension 'cogs.done' raised an error: ImportError: cannot import name 'app_commands' from 'discord' (/usr/local/lib/python3.10/dist-packages/discord/__init__.py)
2025-05-12 10:51:24,625 - momentum_bot - INFO - Starting bot...
2025-05-12 10:51:24,625 - discord.client - INFO - logging in using static token
2025-05-12 10:51:25,231 - discord.gateway - INFO - Shard ID None has sent the IDENTIFY payload.
2025-05-12 10:51:25,462 - discord.gateway - INFO - Shard ID None has connected to Gateway: ["gateway-prd-us-east1-d-q3jz",{"micros":101348,"calls":["id_created",{"micros":600,"calls":[]},"session_lookup_time",{"micros":689,"calls":[]},"session_lookup_finished",{"micros":15,"calls":[]},"discord-sessions-prd-2-144",{"micros":99058,"calls":["start_session",{"micros":47436,"calls":["discord-api-rpc-78cf767f7b-lxmpr",{"micros":38625,"calls":["get_user",{"micros":9941},"get_guilds",{"micros":2849},"send_scheduled_deletion_message",{"micros":8},"guild_join_requests",{"micros":878},"authorized_ip_coro",{"micros":8},"pending_payments",{"micros":1243},"apex_user_experiments",{"micros":3},"user_activities",{"micros":1}]}]},"starting_guild_connect",{"micros":40,"calls":[]},"presence_started",{"micros":18021,"calls":[]},"guilds_started",{"micros":82,"calls":[]},"lobbies_started",{"micros":1,"calls":[]},"guilds_connect",{"micros":1,"calls":[]},"presence_connect",{"micros":33456,"calls":[]},"connect_finished",{"micros":33461,"calls":[]},"build_ready",{"micros":14,"calls":[]},"clean_ready",{"micros":1,"calls":[]},"optimize_ready",{"micros":0,"calls":[]},"split_ready",{"micros":0,"calls":[]}]}]}] (Session ID: 93c331dc6569e66aa84743e197bae3ac).
2025-05-12 10:51:27,470 - momentum_bot - INFO - Logged in as MomentumTest#1252 (ID: 1226090087931187313)
2025-05-12 10:51:27,470 - momentum_bot - INFO - Connected to 2 servers
2025-05-12 10:51:27,470 - momentum_bot - ERROR - Failed to sync commands: 'Bot' object has no attribute 'tree'
2025-05-12 10:51:27,470 - momentum_bot.gmlistener - INFO - GMListener cog is ready
2025-05-12 10:51:27,470 - momentum_bot.gm - INFO - GM command cog is ready
2025-05-12 10:51:27,470 - momentum_bot.daily_reminder - INFO - Starting daily reminder schedule
2025-05-12 10:51:27,470 - momentum_bot.auto_assign_role - INFO - Starting invite tracking
2025-05-12 10:51:27,470 - momentum_bot.daily_reminder - INFO - Daily reminder schedule ready to start
2025-05-12 10:51:27,470 - momentum_bot.auto_assign_role - INFO - Invite tracking ready to start
2025-05-12 11:17:20,643 - momentum_bot - INFO - Loaded extension cogs.test_cog
2025-05-12 11:17:21,245 - momentum_bot.gmlistener - INFO - Connected to MongoDB
2025-05-12 11:17:21,338 - momentum_bot - INFO - Loaded extension cogs.gmlistener
2025-05-12 11:17:21,626 - momentum_bot.gm - INFO - Connected to MongoDB
2025-05-12 11:17:21,626 - momentum_bot - INFO - Loaded extension cogs.gm
2025-05-12 11:17:21,627 - momentum_bot - INFO - Loaded extension cogs.dailyreminder
2025-05-12 11:17:21,627 - momentum_bot - INFO - Loaded extension cogs.auto_assign_role
2025-05-12 11:17:21,628 - momentum_bot - INFO - Loaded extension cogs.prefixdone
2025-05-12 11:17:22,030 - momentum_bot - INFO - Loaded extension cogs.done
2025-05-12 11:17:22,030 - momentum_bot - INFO - Starting bot...
2025-05-12 11:17:22,030 - discord.client - INFO - logging in using static token
2025-05-12 11:17:22,576 - discord.gateway - INFO - Shard ID None has sent the IDENTIFY payload.
2025-05-12 11:17:22,818 - discord.gateway - INFO - Shard ID None has connected to Gateway: ["gateway-prd-us-east1-b-r86s",{"micros":112236,"calls":["id_created",{"micros":279,"calls":[]},"session_lookup_time",{"micros":300,"calls":[]},"session_lookup_finished",{"micros":14,"calls":[]},"discord-sessions-prd-2-1",{"micros":111340,"calls":["start_session",{"micros":62309,"calls":["discord-api-rpc-78cf767f7b-5ktlm",{"micros":51258,"calls":["get_user",{"micros":11495},"get_guilds",{"micros":7074},"send_scheduled_deletion_message",{"micros":8},"guild_join_requests",{"micros":1},"authorized_ip_coro",{"micros":9},"pending_payments",{"micros":3045},"apex_user_experiments",{"micros":4},"user_activities",{"micros":1}]}]},"starting_guild_connect",{"micros":45,"calls":[]},"presence_started",{"micros":263,"calls":[]},"guilds_started",{"micros":92,"calls":[]},"lobbies_started",{"micros":1,"calls":[]},"guilds_connect",{"micros":1,"calls":[]},"presence_connect",{"micros":48610,"calls":[]},"connect_finished",{"micros":48615,"calls":[]},"build_ready",{"micros":13,"calls":[]},"clean_ready",{"micros":0,"calls":[]},"optimize_ready",{"micros":1,"calls":[]},"split_ready",{"micros":0,"calls":[]}]}]}] (Session ID: d7a8877b4a4eef98aa77e9dee8a5bd91).
2025-05-12 11:17:24,824 - momentum_bot - INFO - Logged in as MomentumTest#1252 (ID: 1226090087931187313)
2025-05-12 11:17:24,824 - momentum_bot - INFO - Connected to 2 servers
2025-05-12 11:17:24,824 - momentum_bot.gmlistener - INFO - GMListener cog is ready
2025-05-12 11:17:24,824 - momentum_bot.gm - INFO - GM command cog is ready
2025-05-12 11:17:24,824 - momentum_bot.daily_reminder - INFO - Starting daily reminder schedule
2025-05-12 11:17:24,824 - momentum_bot.auto_assign_role - INFO - Starting invite tracking
2025-05-12 11:17:24,824 - momentum_bot.daily_reminder - INFO - Daily reminder schedule ready to start
2025-05-12 11:17:24,825 - momentum_bot.auto_assign_role - INFO - Invite tracking ready to start
2025-05-12 11:22:29,727 - momentum_bot - ERROR - Failed to load extension cogs.test_cog: object list can't be used in 'await' expression
2025-05-12 11:22:29,728 - momentum_bot - ERROR - Failed to load extension cogs.sekret: Extension 'cogs.sekret' raised an error: ImportError: cannot import name 'app_commands' from 'discord' (/usr/local/lib/python3.10/dist-packages/discord/__init__.py)
2025-05-12 11:22:30,429 - momentum_bot.gmlistener - INFO - Connected to MongoDB
2025-05-12 11:22:30,442 - momentum_bot - ERROR - Failed to load extension cogs.gmlistener: object list can't be used in 'await' expression
2025-05-12 11:22:30,642 - momentum_bot.gm - INFO - Connected to MongoDB
2025-05-12 11:22:30,642 - momentum_bot - ERROR - Failed to load extension cogs.gm: object list can't be used in 'await' expression
2025-05-12 11:22:30,644 - momentum_bot - ERROR - Failed to load extension cogs.dailyreminder: object list can't be used in 'await' expression
2025-05-12 11:22:30,644 - momentum_bot - ERROR - Failed to load extension cogs.qacog: Extension 'cogs.qacog' raised an error: ImportError: cannot import name 'app_commands' from 'discord' (/usr/local/lib/python3.10/dist-packages/discord/__init__.py)
2025-05-12 11:22:30,645 - momentum_bot - ERROR - Failed to load extension cogs.auto_assign_role: object list can't be used in 'await' expression
2025-05-12 11:22:30,646 - momentum_bot - ERROR - Failed to load extension cogs.queue_cog: Extension 'cogs.queue_cog' raised an error: ImportError: cannot import name 'app_commands' from 'discord' (/usr/local/lib/python3.10/dist-packages/discord/__init__.py)
2025-05-12 11:22:30,723 - momentum_bot - ERROR - Failed to load extension cogs.prefixdone: object list can't be used in 'await' expression
2025-05-12 11:22:30,723 - momentum_bot - ERROR - Failed to load extension cogs.leaderboard: Extension 'cogs.leaderboard' raised an error: ImportError: cannot import name 'app_commands' from 'discord' (/usr/local/lib/python3.10/dist-packages/discord/__init__.py)
2025-05-12 11:22:30,725 - momentum_bot - ERROR - Failed to load extension cogs.done: Extension 'cogs.done' raised an error: ImportError: cannot import name 'app_commands' from 'discord' (/usr/local/lib/python3.10/dist-packages/discord/__init__.py)
2025-05-12 11:22:30,725 - momentum_bot - INFO - Starting bot...
2025-05-12 11:22:30,725 - discord.client - INFO - logging in using static token
2025-05-12 11:22:31,379 - discord.gateway - INFO - Shard ID None has sent the IDENTIFY payload.
2025-05-12 11:22:31,579 - discord.gateway - INFO - Shard ID None has connected to Gateway: ["gateway-prd-us-east1-d-b066",{"micros":71332,"calls":["id_created",{"micros":596,"calls":[]},"session_lookup_time",{"micros":235,"calls":[]},"session_lookup_finished",{"micros":10,"calls":[]},"discord-sessions-prd-2-165",{"micros":69908,"calls":["start_session",{"micros":44037,"calls":["discord-api-rpc-78cf767f7b-5ktlm",{"micros":35021,"calls":["get_user",{"micros":6084},"get_guilds",{"micros":3412},"send_scheduled_deletion_message",{"micros":7},"guild_join_requests",{"micros":680},"authorized_ip_coro",{"micros":7},"pending_payments",{"micros":1303},"apex_user_experiments",{"micros":3},"user_activities",{"micros":1}]}]},"starting_guild_connect",{"micros":44,"calls":[]},"presence_started",{"micros":207,"calls":[]},"guilds_started",{"micros":90,"calls":[]},"lobbies_started",{"micros":1,"calls":[]},"guilds_connect",{"micros":1,"calls":[]},"presence_connect",{"micros":25505,"calls":[]},"connect_finished",{"micros":25510,"calls":[]},"build_ready",{"micros":16,"calls":[]},"clean_ready",{"micros":1,"calls":[]},"optimize_ready",{"micros":0,"calls":[]},"split_ready",{"micros":1,"calls":[]}]}]}] (Session ID: 56a0e46bf8787fd6562533bf9d2e8360).
2025-05-12 11:22:33,590 - momentum_bot - INFO - Logged in as MomentumTest#1252 (ID: 1226090087931187313)
2025-05-12 11:22:33,590 - momentum_bot - INFO - Connected to 2 servers
2025-05-12 11:22:33,590 - momentum_bot.gmlistener - INFO - GMListener cog is ready
2025-05-12 11:22:33,590 - momentum_bot.gm - INFO - GM command cog is ready
2025-05-12 11:22:33,590 - momentum_bot.daily_reminder - INFO - Starting daily reminder schedule
2025-05-12 11:22:33,591 - momentum_bot.auto_assign_role - INFO - Starting invite tracking
2025-05-12 11:22:33,591 - momentum_bot.daily_reminder - INFO - Daily reminder schedule ready to start
2025-05-12 11:22:33,591 - momentum_bot.auto_assign_role - INFO - Invite tracking ready to start
2025-05-12 11:22:33,806 - momentum_bot - ERROR - Failed to sync commands: object of type 'NoneType' has no len()
2025-05-12 11:25:06,651 - momentum_bot - INFO - Loaded extension cogs.test_cog
2025-05-12 11:25:07,345 - momentum_bot.gmlistener - INFO - Connected to MongoDB
2025-05-12 11:25:07,425 - momentum_bot - INFO - Loaded extension cogs.gmlistener
2025-05-12 11:25:07,556 - momentum_bot.gm - INFO - Connected to MongoDB
2025-05-12 11:25:07,556 - momentum_bot - INFO - Loaded extension cogs.gm
2025-05-12 11:25:07,557 - momentum_bot - INFO - Loaded extension cogs.dailyreminder
2025-05-12 11:25:07,557 - momentum_bot - INFO - Loaded extension cogs.auto_assign_role
2025-05-12 11:25:07,558 - momentum_bot - INFO - Loaded extension cogs.prefixdone
2025-05-12 11:25:08,049 - momentum_bot - INFO - Loaded extension cogs.done
2025-05-12 11:25:08,049 - momentum_bot - INFO - Starting bot...
2025-05-12 11:25:08,049 - discord.client - INFO - logging in using static token
2025-05-12 11:25:08,738 - discord.gateway - INFO - Shard ID None has sent the IDENTIFY payload.
2025-05-12 11:25:08,936 - discord.gateway - INFO - Shard ID None has connected to Gateway: ["gateway-prd-us-east1-b-x984",{"micros":65640,"calls":["id_created",{"micros":529,"calls":[]},"session_lookup_time",{"micros":213,"calls":[]},"session_lookup_finished",{"micros":14,"calls":[]},"discord-sessions-prd-2-118",{"micros":64528,"calls":["start_session",{"micros":38216,"calls":["discord-api-rpc-78cf767f7b-r28dh",{"micros":29149,"calls":["get_user",{"micros":5901},"get_guilds",{"micros":2835},"send_scheduled_deletion_message",{"micros":6},"guild_join_requests",{"micros":715},"authorized_ip_coro",{"micros":7},"pending_payments",{"micros":1577},"apex_user_experiments",{"micros":2},"user_activities",{"micros":1}]}]},"starting_guild_connect",{"micros":28,"calls":[]},"presence_started",{"micros":255,"calls":[]},"guilds_started",{"micros":79,"calls":[]},"lobbies_started",{"micros":0,"calls":[]},"guilds_connect",{"micros":1,"calls":[]},"presence_connect",{"micros":25925,"calls":[]},"connect_finished",{"micros":25929,"calls":[]},"build_ready",{"micros":18,"calls":[]},"clean_ready",{"micros":1,"calls":[]},"optimize_ready",{"micros":0,"calls":[]},"split_ready",{"micros":1,"calls":[]}]}]}] (Session ID: 4f92ecae58574226e9cd012e35775c9a).
2025-05-12 11:25:10,941 - asyncio - ERROR - Task exception was never retrieved
future: <Task finished name='Task-9' coro=<ConnectionState._delay_ready() done, defined at /usr/local/lib/python3.10/dist-packages/discord/state.py:571> exception=ValueError('The future belongs to a different loop than the one specified as the loop argument')>
Traceback (most recent call last):
  File "/usr/local/lib/python3.10/dist-packages/discord/state.py", line 594, in _delay_ready
    await asyncio.wait_for(future, timeout=5.0)
  File "/usr/lib/python3.10/asyncio/tasks.py", line 426, in wait_for
    fut = ensure_future(fut, loop=loop)
  File "/usr/lib/python3.10/asyncio/tasks.py", line 615, in ensure_future
    return _ensure_future(coro_or_future, loop=loop)
  File "/usr/lib/python3.10/asyncio/tasks.py", line 621, in _ensure_future
    raise ValueError('The future belongs to a different loop than '
ValueError: The future belongs to a different loop than the one specified as the loop argument
2025-05-12 11:25:58,529 - discord.gateway - WARNING - Can't keep up, shard ID None websocket is 49.8s behind.
2025-05-12 11:25:59,990 - discord.gateway - WARNING - Shard ID None heartbeat blocked for more than 10 seconds.
Loop thread traceback (most recent call last):
  File "/root/Momentum/main.py", line 122, in <module>
    asyncio.run(main())
  File "/usr/lib/python3.10/asyncio/runners.py", line 44, in run
    return loop.run_until_complete(main)
  File "/usr/lib/python3.10/asyncio/base_events.py", line 636, in run_until_complete
    self.run_forever()
  File "/usr/lib/python3.10/asyncio/base_events.py", line 603, in run_forever
    self._run_once()
  File "/usr/lib/python3.10/asyncio/base_events.py", line 1871, in _run_once
    event_list = self._selector.select(timeout)
  File "/usr/lib/python3.10/selectors.py", line 469, in select
    fd_event_list = self._selector.poll(timeout, max_ev)

2025-05-12 11:26:09,990 - discord.gateway - WARNING - Shard ID None heartbeat blocked for more than 20 seconds.
Loop thread traceback (most recent call last):
  File "/root/Momentum/main.py", line 122, in <module>
    asyncio.run(main())
  File "/usr/lib/python3.10/asyncio/runners.py", line 44, in run
    return loop.run_until_complete(main)
  File "/usr/lib/python3.10/asyncio/base_events.py", line 636, in run_until_complete
    self.run_forever()
  File "/usr/lib/python3.10/asyncio/base_events.py", line 603, in run_forever
    self._run_once()
  File "/usr/lib/python3.10/asyncio/base_events.py", line 1871, in _run_once
    event_list = self._selector.select(timeout)
  File "/usr/lib/python3.10/selectors.py", line 469, in select
    fd_event_list = self._selector.poll(timeout, max_ev)

2025-05-12 11:26:19,990 - discord.gateway - WARNING - Shard ID None heartbeat blocked for more than 30 seconds.
Loop thread traceback (most recent call last):
  File "/root/Momentum/main.py", line 122, in <module>
    asyncio.run(main())
  File "/usr/lib/python3.10/asyncio/runners.py", line 44, in run
    return loop.run_until_complete(main)
  File "/usr/lib/python3.10/asyncio/base_events.py", line 636, in run_until_complete
    self.run_forever()
  File "/usr/lib/python3.10/asyncio/base_events.py", line 603, in run_forever
    self._run_once()
  File "/usr/lib/python3.10/asyncio/base_events.py", line 1871, in _run_once
    event_list = self._selector.select(timeout)
  File "/usr/lib/python3.10/selectors.py", line 469, in select
    fd_event_list = self._selector.poll(timeout, max_ev)

2025-05-12 11:26:29,991 - discord.gateway - WARNING - Shard ID None heartbeat blocked for more than 40 seconds.
Loop thread traceback (most recent call last):
  File "/root/Momentum/main.py", line 122, in <module>
    asyncio.run(main())
  File "/usr/lib/python3.10/asyncio/runners.py", line 44, in run
    return loop.run_until_complete(main)
  File "/usr/lib/python3.10/asyncio/base_events.py", line 636, in run_until_complete
    self.run_forever()
  File "/usr/lib/python3.10/asyncio/base_events.py", line 603, in run_forever
    self._run_once()
  File "/usr/lib/python3.10/asyncio/base_events.py", line 1871, in _run_once
    event_list = self._selector.select(timeout)
  File "/usr/lib/python3.10/selectors.py", line 469, in select
    fd_event_list = self._selector.poll(timeout, max_ev)

2025-05-12 11:26:39,991 - discord.gateway - WARNING - Shard ID None heartbeat blocked for more than 50 seconds.
Loop thread traceback (most recent call last):
  File "/root/Momentum/main.py", line 122, in <module>
    asyncio.run(main())
  File "/usr/lib/python3.10/asyncio/runners.py", line 44, in run
    return loop.run_until_complete(main)
  File "/usr/lib/python3.10/asyncio/base_events.py", line 636, in run_until_complete
    self.run_forever()
  File "/usr/lib/python3.10/asyncio/base_events.py", line 603, in run_forever
    self._run_once()
  File "/usr/lib/python3.10/asyncio/base_events.py", line 1871, in _run_once
    event_list = self._selector.select(timeout)
  File "/usr/lib/python3.10/selectors.py", line 469, in select
    fd_event_list = self._selector.poll(timeout, max_ev)

2025-05-12 11:26:48,155 - discord.gateway - WARNING - Can't keep up, shard ID None websocket is 99.4s behind.
2025-05-12 11:26:50,020 - discord.gateway - WARNING - Shard ID None heartbeat blocked for more than 60 seconds.
Loop thread traceback (most recent call last):
  File "/root/Momentum/main.py", line 122, in <module>
    asyncio.run(main())
  File "/usr/lib/python3.10/asyncio/runners.py", line 44, in run
    return loop.run_until_complete(main)
  File "/usr/lib/python3.10/asyncio/base_events.py", line 636, in run_until_complete
    self.run_forever()
  File "/usr/lib/python3.10/asyncio/base_events.py", line 603, in run_forever
    self._run_once()
  File "/usr/lib/python3.10/asyncio/base_events.py", line 1871, in _run_once
    event_list = self._selector.select(timeout)
  File "/usr/lib/python3.10/selectors.py", line 469, in select
    fd_event_list = self._selector.poll(timeout, max_ev)

2025-05-12 11:27:00,022 - discord.gateway - WARNING - Shard ID None heartbeat blocked for more than 70 seconds.
Loop thread traceback (most recent call last):
  File "/root/Momentum/main.py", line 122, in <module>
    asyncio.run(main())
  File "/usr/lib/python3.10/asyncio/runners.py", line 44, in run
    return loop.run_until_complete(main)
  File "/usr/lib/python3.10/asyncio/base_events.py", line 636, in run_until_complete
    self.run_forever()
  File "/usr/lib/python3.10/asyncio/base_events.py", line 603, in run_forever
    self._run_once()
  File "/usr/lib/python3.10/asyncio/base_events.py", line 1871, in _run_once
    event_list = self._selector.select(timeout)
  File "/usr/lib/python3.10/selectors.py", line 469, in select
    fd_event_list = self._selector.poll(timeout, max_ev)

2025-05-12 11:27:10,023 - discord.gateway - WARNING - Shard ID None heartbeat blocked for more than 80 seconds.
Loop thread traceback (most recent call last):
  File "/root/Momentum/main.py", line 122, in <module>
    asyncio.run(main())
  File "/usr/lib/python3.10/asyncio/runners.py", line 44, in run
    return loop.run_until_complete(main)
  File "/usr/lib/python3.10/asyncio/base_events.py", line 636, in run_until_complete
    self.run_forever()
  File "/usr/lib/python3.10/asyncio/base_events.py", line 603, in run_forever
    self._run_once()
  File "/usr/lib/python3.10/asyncio/base_events.py", line 1871, in _run_once
    event_list = self._selector.select(timeout)
  File "/usr/lib/python3.10/selectors.py", line 469, in select
    fd_event_list = self._selector.poll(timeout, max_ev)

2025-05-12 11:27:20,025 - discord.gateway - WARNING - Shard ID None heartbeat blocked for more than 90 seconds.
Loop thread traceback (most recent call last):
  File "/root/Momentum/main.py", line 122, in <module>
    asyncio.run(main())
  File "/usr/lib/python3.10/asyncio/runners.py", line 44, in run
    return loop.run_until_complete(main)
  File "/usr/lib/python3.10/asyncio/base_events.py", line 636, in run_until_complete
    self.run_forever()
  File "/usr/lib/python3.10/asyncio/base_events.py", line 603, in run_forever
    self._run_once()
  File "/usr/lib/python3.10/asyncio/base_events.py", line 1871, in _run_once
    event_list = self._selector.select(timeout)
  File "/usr/lib/python3.10/selectors.py", line 469, in select
    fd_event_list = self._selector.poll(timeout, max_ev)

2025-05-12 11:27:30,064 - discord.gateway - WARNING - Shard ID None heartbeat blocked for more than 100 seconds.
Loop thread traceback (most recent call last):
  File "/root/Momentum/main.py", line 122, in <module>
    asyncio.run(main())
  File "/usr/lib/python3.10/asyncio/runners.py", line 44, in run
    return loop.run_until_complete(main)
  File "/usr/lib/python3.10/asyncio/base_events.py", line 636, in run_until_complete
    self.run_forever()
  File "/usr/lib/python3.10/asyncio/base_events.py", line 603, in run_forever
    self._run_once()
  File "/usr/lib/python3.10/asyncio/base_events.py", line 1871, in _run_once
    event_list = self._selector.select(timeout)
  File "/usr/lib/python3.10/selectors.py", line 469, in select
    fd_event_list = self._selector.poll(timeout, max_ev)

2025-05-12 11:27:40,557 - discord.gateway - WARNING - Can't keep up, shard ID None websocket is 151.8s behind.
2025-05-12 11:27:41,170 - discord.gateway - WARNING - Shard ID None heartbeat blocked for more than 110 seconds.
Loop thread traceback (most recent call last):
  File "/root/Momentum/main.py", line 122, in <module>
    asyncio.run(main())
  File "/usr/lib/python3.10/asyncio/runners.py", line 44, in run
    return loop.run_until_complete(main)
  File "/usr/lib/python3.10/asyncio/base_events.py", line 636, in run_until_complete
    self.run_forever()
  File "/usr/lib/python3.10/asyncio/base_events.py", line 603, in run_forever
    self._run_once()
  File "/usr/lib/python3.10/asyncio/base_events.py", line 1909, in _run_once
    handle._run()
  File "/usr/lib/python3.10/asyncio/events.py", line 80, in _run
    self._context.run(self._callback, *self._args)
  File "/usr/lib/python3.10/asyncio/selector_events.py", line 819, in _read_ready
    self._read_ready_cb()
  File "/usr/lib/python3.10/asyncio/selector_events.py", line 876, in _read_ready__data_received
    self._protocol.data_received(data)
  File "/usr/lib/python3.10/asyncio/sslproto.py", line 534, in data_received
    ssldata, appdata = self._sslpipe.feed_ssldata(data)
  File "/usr/lib/python3.10/asyncio/sslproto.py", line 199, in feed_ssldata
    chunk = self._sslobj.read(self.max_size)
  File "/usr/lib/python3.10/ssl.py", line 917, in read
    v = self._sslobj.read(len)

2025-05-12 11:27:51,960 - discord.gateway - WARNING - Shard ID None heartbeat blocked for more than 120 seconds.
Loop thread traceback (most recent call last):
  File "/root/Momentum/main.py", line 122, in <module>
    asyncio.run(main())
  File "/usr/lib/python3.10/asyncio/runners.py", line 44, in run
    return loop.run_until_complete(main)
  File "/usr/lib/python3.10/asyncio/base_events.py", line 636, in run_until_complete
    self.run_forever()
  File "/usr/lib/python3.10/asyncio/base_events.py", line 603, in run_forever
    self._run_once()
  File "/usr/lib/python3.10/asyncio/base_events.py", line 1871, in _run_once
    event_list = self._selector.select(timeout)
  File "/usr/lib/python3.10/selectors.py", line 469, in select
    fd_event_list = self._selector.poll(timeout, max_ev)

